// 重构日志: 9765a1e8
// 重构日志: dba3031a
// 重构日志: f13069b0
// 同步 ID: c58867eb @ Wed Jul 15 19:38:49 UTC 2026
// 重构日志: e696c0d9
// 同步 ID: 4a23efec @ Fri Jul 17 02:01:24 UTC 2026
// 重构日志: b6bd53be
// 同步 ID: ebae1368 @ Sat Jul 18 10:33:20 UTC 2026
// 重构日志: 46a7f92b
// 重构日志: 3add9566
// 重构日志: b6e859b7
// 重构日志: face29be
// 重构日志: 2d8a8ff4
// 重构日志: b035d873
// 同步 ID: bf841c28 @ Mon Jul 20 12:10:37 UTC 2026
// 同步 ID: b4f6a3ee @ Mon Jul 20 13:44:29 UTC 2026
// 重构日志: 2730d906
// 同步 ID: 0a7f9bfa @ Tue Jul 21 10:41:00 UTC 2026
// 同步 ID: 7188300d @ Tue Jul 21 16:16:11 UTC 2026
// 重构日志: df010ab7
// 重构日志: 268b032a
// 重构日志: 3924feca
// 重构日志: bd152ffb
// 重构日志: 5ac2f013
// 重构日志: 7e55f41e
// 重构日志: ce339dd2
// 重构日志: 61379bcf
// 重构日志: 23ed17d2
// 同步 ID: f55fdc11 @ Sat Jul 25 05:07:45 UTC 2026
// 同步 ID: c0d71952 @ Sat Jul 25 08:30:17 UTC 2026
